
Rule name		
Antenna mode		Diode-mode value	Area Threshold	 Layer Area Threshold	 Via Layer Area Threshold	 Gate Area Threshold
------------		----------------	--------------	----------------------	----------------------		----------------------
  4			  2			  0		                     	                     		0


Antenna mode		Diode-mode value	Layer Ratio Threshold		Diode Ratio Vector
------------		----------------	---------------------		------------------

Antenna mode		Diode-mode value	Via Layer Ratio Threshold	Diode Ratio Vector
------------		----------------	-------------------------	------------------

Antenna mode		Diode-mode value	Connected TSV Ratio Threshold	Diode Ratio Vector
------------		----------------	-----------------------------	------------------


Column information:
-------------------
    A - Layer name
    B - Layer type
    C - Antenna mode
    D - Ratio
    E - P Ratio
    F - N Ratio
    G - Gate diffusion length
    H - P Gate diffusion length
    I - N Gate diffusion length
    J - Layer scale
    K - Accumulate scale
    L - Protected scale
    M - Diode ratio
    N - Scale factor

     A           B       C       D          E          F          G          H          I          J          K          L            M                 N      
---------- ------------ --- ---------- ---------- ---------- ---------- ---------- ---------- ---------- ---------- ---------- ---------------- ---------------
        M1 INTERCONNECT   4    1000.00        --         --        0.00       0.00       0.00        --         --         --  {0.0599999986589 0.0 400.0 40000.0}              -- 

      VIA1      VIA_CUT   4      20.00        --         --        0.00       0.00       0.00        --         --         --  {0.0599999986589 0.0 200.0 1000.0}              -- 

        M2 INTERCONNECT   4    1000.00        --         --        0.00       0.00       0.00        --         --         --  {0.0599999986589 0.0 400.0 40000.0}              -- 

      VIA2      VIA_CUT   4      20.00        --         --        0.00       0.00       0.00        --         --         --  {0.0599999986589 0.0 200.0 1000.0}              -- 

        M3 INTERCONNECT   4    1000.00        --         --        0.00       0.00       0.00        --         --         --  {0.0599999986589 0.0 400.0 40000.0}              -- 

      VIA3      VIA_CUT   4      20.00        --         --        0.00       0.00       0.00        --         --         --  {0.0599999986589 0.0 200.0 1000.0}              -- 

        M4 INTERCONNECT   4    1000.00        --         --        0.00       0.00       0.00        --         --         --  {0.0599999986589 0.0 400.0 40000.0}              -- 

      VIA4      VIA_CUT   4      20.00        --         --        0.00       0.00       0.00        --         --         --  {0.0599999986589 0.0 200.0 1000.0}              -- 

        M5 INTERCONNECT   4    1000.00        --         --        0.00       0.00       0.00        --         --         --  {0.0599999986589 0.0 400.0 40000.0}              -- 

      VIA5      VIA_CUT   4      20.00        --         --        0.00       0.00       0.00        --         --         --  {0.0599999986589 0.0 200.0 1000.0}              -- 

        M6 INTERCONNECT   4    1000.00        --         --        0.00       0.00       0.00        --         --         --  {0.0599999986589 0.0 400.0 40000.0}              -- 

      VIA6      VIA_CUT   4      20.00        --         --        0.00       0.00       0.00        --         --         --  {0.0599999986589 0.0 200.0 1000.0}              -- 

        M7 INTERCONNECT   4    1000.00        --         --        0.00       0.00       0.00        --         --         --  {0.0599999986589 0.0 400.0 40000.0}              -- 

      VIA7      VIA_CUT   4      20.00        --         --        0.00       0.00       0.00        --         --         --  {0.0599999986589 0.0 200.0 1000.0}              -- 

        M8 INTERCONNECT   4    1000.00        --         --        0.00       0.00       0.00        --         --         --  {0.0599999986589 0.0 400.0 40000.0}              -- 

      VIA8      VIA_CUT   4      20.00        --         --        0.00       0.00       0.00        --         --         --  {0.0599999986589 0.0 200.0 1000.0}              -- 

        M9 INTERCONNECT   4    1000.00        --         --        0.00       0.00       0.00        --         --         --  {0.0599999986589 0.0 8000.0 50000.0}              -- 

      MRDL INTERCONNECT   4    1000.00        --         --         --         --         --         --         --         --               --               -- 

    VIARDL      VIA_CUT   4      20.00        --         --         --         --         --         --         --         --               --               -- 

----------------------------------------------------------------------------------------------------------------------------------------------------------------
1
