 
****************************************
Report : area
Design : water_sched
Version: W-2024.09-SP5-3
Date   : Fri Sep 25 21:12:17 2026
****************************************

Library(s) Used:

    saed32rvt_ss0p95v125c (File: /home/masthan5097/chipcraft_libs/saed32rvt_ss0p95v125c.db)

Number of ports:                          164
Number of nets:                           617
Number of cells:                          550
Number of combinational cells:            427
Number of sequential cells:               122
Number of macros/black boxes:               0
Number of buf/inv:                        111
Number of references:                      29

Combinational area:                892.553733
Buf/Inv area:                      143.845505
Noncombinational area:             868.155919
Macro/Black Box area:                0.000000
Net Interconnect area:             425.697822

Total cell area:                  1760.709652
Total area:                       2186.407475

Hierarchical area distribution
------------------------------

                                  Global cell area          Local cell area
                                  ------------------  --------------------------- 
Hierarchical cell                 Absolute   Percent  Combi-    Noncombi-  Black-
                                  Total      Total    national  national   boxes   Design
--------------------------------  ---------  -------  --------  ---------  ------  ---------
water_sched                       1760.7097    100.0  892.5537   868.1559  0.0000  water_sched
--------------------------------  ---------  -------  --------  ---------  ------  ---------
Total                                                 892.5537   868.1559  0.0000

1
