Information: Propagating switching activity (low effort zero delay simulation). (PWR-6)
Warning: Design has unannotated primary inputs. (PWR-414)
Warning: Design has unannotated sequential cell outputs. (PWR-415)
 
****************************************
Report : power
        -analysis_effort low
Design : water_sched
Version: W-2024.09-SP5-3
Date   : Fri Sep 25 22:10:10 2026
****************************************


Library(s) Used:

    saed32rvt_ss0p95v125c (File: /home/masthan5097/chipcraft_libs/saed32rvt_ss0p95v125c.db)


Operating Conditions: ss0p95v125c   Library: saed32rvt_ss0p95v125c
Wire Load Model Mode: enclosed

Design        Wire Load Model            Library
------------------------------------------------
water_sched            8000              saed32rvt_ss0p95v125c


Global Operating Voltage = 0.95 
Power-specific unit information :
    Voltage Units = 1V
    Capacitance Units = 1.000000ff
    Time Units = 1ns
    Dynamic Power Units = 1uW    (derived from V,C,T units)
    Leakage Power Units = 1pW


Attributes
----------
i - Including register clock pin internal power


  Cell Internal Power  =  73.5055 uW   (98%)
  Net Switching Power  =   1.3213 uW    (2%)
                         ---------
Total Dynamic Power    =  74.8268 uW  (100%)

Cell Leakage Power     =  85.9814 uW


                 Internal         Switching           Leakage            Total
Power Group      Power            Power               Power              Power   (   %    )  Attrs
--------------------------------------------------------------------------------------------------
io_pad             0.0000            0.0000            0.0000            0.0000  (   0.00%)
memory             0.0000            0.0000            0.0000            0.0000  (   0.00%)
black_box          0.0000            0.0000            0.0000            0.0000  (   0.00%)
clock_network     69.1847            0.0000            0.0000           69.1847  (  43.02%)  i
register           1.9959            0.1305        5.6289e+07           58.4149  (  36.33%)
sequential         0.0000            0.0000            0.0000            0.0000  (   0.00%)
combinational      2.3249            1.1908        2.9693e+07           33.2086  (  20.65%)
--------------------------------------------------------------------------------------------------
Total             73.5055 uW         1.3213 uW     8.5981e+07 pW       160.8083 uW
1
