 
****************************************
Report : qor
Design : water_sched
Version: W-2024.09-SP5-3
Date   : Fri Sep 25 22:10:10 2026
****************************************


  Timing Path Group 'core_clk'
  -----------------------------------
  Levels of Logic:              26.00
  Critical Path Length:          2.09
  Critical Path Slack:           5.71
  Critical Path Clk Period:     10.00
  Total Negative Slack:          0.00
  No. of Violating Paths:        0.00
  Worst Hold Violation:          0.00
  Total Hold Violation:          0.00
  No. of Hold Violations:        0.00
  -----------------------------------


  Cell Count
  -----------------------------------
  Hierarchical Cell Count:          0
  Hierarchical Port Count:          0
  Leaf Cell Count:                548
  Buf/Inv Cell Count:             110
  Buf Cell Count:                   2
  Inv Cell Count:                 108
  CT Buf/Inv Cell Count:            0
  Combinational Cell Count:       426
  Sequential Cell Count:          122
  Macro Count:                      0
  -----------------------------------


  Area
  -----------------------------------
  Combinational Area:      890.520581
  Noncombinational Area:   868.155919
  Buf/Inv Area:            141.812353
  Total Buffer Area:             4.07
  Total Inverter Area:         137.75
  Macro/Black Box Area:      0.000000
  Net Area:                432.087649
  -----------------------------------
  Cell Area:              1758.676500
  Design Area:            2190.764150


  Design Rules
  -----------------------------------
  Total Number of Nets:           616
  Nets With Violations:             0
  Max Trans Violations:             0
  Max Cap Violations:               0
  -----------------------------------


  Hostname: sd13.ece.kalasalingam.ac.in

  Compile CPU Statistics
  -----------------------------------------
  Resource Sharing:                    0.00
  Logic Optimization:                  0.00
  Mapping Optimization:                0.00
  -----------------------------------------
  Overall Compile Time:                1.00
  Overall Compile Wall Clock Time:     1.22

  --------------------------------------------------------------------

  Design  WNS: 0.00  TNS: 0.00  Number of Violating Paths: 0


  Design (Hold)  WNS: 0.00  TNS: 0.00  Number of Violating Paths: 0

  --------------------------------------------------------------------


1
